Drill report for C:\Users\milind\eSim-Workspace\SMART_STREET_LIGHT\SMART_STREET_LIGHT.kicad_pcb
Created on 08/12/26 16:49:39

Copper Layer Stackup:
    =============================================================
    L1 :  F.Cu                      front
    L2 :  In1.Cu                    inner1
    L3 :  In2.Cu                    inner2
    L4 :  B.Cu                      back


Drill file 'SMART_STREET_LIGHT.drl' contains
    plated through holes:
    =============================================================
    T1  0.40mm  0.016"  (1 hole)
    T2  0.60mm  0.024"  (3 holes)
    T3  0.80mm  0.031"  (42 holes)
    T4  0.90mm  0.035"  (2 holes)
    T5  1.00mm  0.039"  (7 holes)

    Total plated holes count 55


Drill file 'SMART_STREET_LIGHT-NPTH.drl' contains
    unplated through holes:
    =============================================================

    Total unplated holes count 0
